// Jest Snapshot v1, https://goo.gl/fbAQLP

exports[`Index should create instance 1`] = `
<div>
  Hola mundo
</div>
`;
